[reconquistahipnotica.com/pv/index1120.html]
[backblue.gif]
[fade.gif]
[index.html]
[connect.facebook.net/en_US/fbevents.js]
[reconquistahipnotica.com/pv/index.html]
[cdn.converteai.net/29cc2237-16d4-4f90-ae96-fb3140b1a4f7/players/61784d0366b6c70009defce5/player.js]
[reconquistahipnotica.com/wp-content/themes/twentytwentyone/assets/js/polyfills4e44.js]
[reconquistahipnotica.com/wp-content/themes/twentytwentyone/assets/js/responsive-embeds4e44.js]
[reconquistahipnotica.com/pv/Trident/index.html]
[reconquistahipnotica.com/wp-content/plugins/elementor/assets/js/webpack.runtime.mina767.js]
[reconquistahipnotica.com/wp-includes/js/jquery/jquery.minaf6c.js]
[reconquistahipnotica.com/wp-includes/js/jquery/jquery-migrate.mind617.js]
[reconquistahipnotica.com/wp-content/plugins/elementor/assets/js/frontend-modules.mina767.js]
[reconquistahipnotica.com/wp-content/plugins/elementor/assets/lib/waypoints/waypoints.min05da.js]
[reconquistahipnotica.com/wp-includes/js/jquery/ui/core.min0028.js]
[reconquistahipnotica.com/wp-content/plugins/elementor/assets/js/frontend.mina767.js]
[reconquistahipnotica.com/pv/index1120.html]
[reconquistahipnotica.com/wp-includes/css/dist/block-library/style.min5b21.css]
[reconquistahipnotica.com/wp-content/themes/twentytwentyone/style4e44.css]
[reconquistahipnotica.com/wp-content/themes/twentytwentyone/assets/css/print4e44.css]
[reconquistahipnotica.com/wp-content/plugins/elementor/assets/lib/eicons/css/elementor-icons.min7816.css]
[reconquistahipnotica.com/wp-content/plugins/elementor/assets/css/frontend.mina767.css]
[reconquistahipnotica.com/wp-content/uploads/elementor/css/post-7b377.css]
[reconquistahipnotica.com/wp-content/uploads/elementor/css/globalbbc6.css]
[reconquistahipnotica.com/wp-content/uploads/elementor/css/post-27d4c.css]
[reconquistahipnotica.com/pv/index.html]
[reconquistahipnotica.com/pv/POST]
[connect.facebook.net/en_US/fbevents.js]
[reconquistahipnotica.com/pv/Trident/index.html]
[reconquistahipnotica.com/wp-content/plugins/elementor/assets/lib/animations/animations.mina767.css]
[reconquistahipnotica.com/pv/POST.html]
